GAMS 24.5.6  r55090 Released Nov 27, 2015 WEX-WEI x86 64bit/MS Windows                                                                                                                                                                 06/04/20 16:56:32 Page 1
G e n e r a l   A l g e b r a i c   M o d e l i n g   S y s t e m
C o m p i l a t i o n


   1  SET
   2  MODELN
   3  REGION
   4  SCENARIO
   5  VARIABLE2/
INCLUDE    C:\Users\ochie\Documents\AsianMCSAnalysis\prog\../define/allvariables2.txt
   7  "AGMIP|AGR|Area"
   8  "AGMIP|AGR|CONS"
   9  "AGMIP|AGR|Feed"
  10  "AGMIP|AGR|food"
  11  "AGMIP|AGR|Prod"
  12  "AGMIP|AGR|XPRP"
  13  "AGMIP|AGR|XPRX"
  14  "AGMIP|AGR|YILD"
  15  "AGMIP|CGR|Area"
  16  "AGMIP|CGR|CONS"
  17  "AGMIP|CGR|Feed"
  18  "AGMIP|CGR|food"
  19  "AGMIP|CGR|PELA"
  20  "AGMIP|CGR|Prod"
  21  "AGMIP|CGR|XPRP"
  22  "AGMIP|CGR|XPRX"
  23  "AGMIP|CGR|YELA"
  24  "AGMIP|CGR|YEXO"
  25  "AGMIP|CGR|YILD"
  26  "AGMIP|CR5|Area"
  27  "AGMIP|CR5|CONS"
  28  "AGMIP|CR5|Feed"
  29  "AGMIP|CR5|food"
  30  "AGMIP|CR5|Prod"
  31  "AGMIP|CR5|XPRP"
  32  "AGMIP|CR5|XPRX"
  33  "AGMIP|CR5|YEXO"
  34  "AGMIP|CR5|YILD"
  35  "AGMIP|CRP|Area"
  36  "AGMIP|CRP|CONS"
  37  "AGMIP|CRP|Feed"
  38  "AGMIP|CRP|food"
  39  "AGMIP|CRP|Prod"
  40  "AGMIP|CRP|XPRP"
  41  "AGMIP|CRP|XPRX"
  42  "AGMIP|CRP|YEXO"
  43  "AGMIP|CRP|YILD"
  44  "AGMIP|DRY|CONS"
  45  "AGMIP|DRY|food"
  46  "AGMIP|DRY|PELA"
  47  "AGMIP|DRY|Prod"
  48  "AGMIP|DRY|XPRP"
  49  "AGMIP|DRY|XPRX"
  50  "AGMIP|DRY|YELA"
  51  "AGMIP|NRM|CONS"
  52  "AGMIP|NRM|food"
  53  "AGMIP|NRM|PELA"
GAMS 24.5.6  r55090 Released Nov 27, 2015 WEX-WEI x86 64bit/MS Windows                                                                                                                                                                 06/04/20 16:56:32 Page 2
G e n e r a l   A l g e b r a i c   M o d e l i n g   S y s t e m
C o m p i l a t i o n


  54  "AGMIP|NRM|Prod"
  55  "AGMIP|NRM|XPRP"
  56  "AGMIP|NRM|XPRX"
  57  "AGMIP|NRM|YELA"
  58  "AGMIP|OSD|Area"
  59  "AGMIP|OSD|CONS"
  60  "AGMIP|OSD|Feed"
  61  "AGMIP|OSD|food"
  62  "AGMIP|OSD|PELA"
  63  "AGMIP|OSD|Prod"
  64  "AGMIP|OSD|XPRP"
  65  "AGMIP|OSD|XPRX"
  66  "AGMIP|OSD|YELA"
  67  "AGMIP|OSD|YEXO"
  68  "AGMIP|OSD|YILD"
  69  "AGMIP|PAS|Area"
  70  "AGMIP|PAS|CONS"
  71  "AGMIP|PAS|food"
  72  "AGMIP|PAS|Prod"
  73  "AGMIP|PAS|XPRP"
  74  "AGMIP|PAS|XPRX"
  75  "AGMIP|PAS|YILD"
  76  "AGMIP|RIC|Area"
  77  "AGMIP|RIC|CONS"
  78  "AGMIP|RIC|Feed"
  79  "AGMIP|RIC|food"
  80  "AGMIP|RIC|PELA"
  81  "AGMIP|RIC|Prod"
  82  "AGMIP|RIC|XPRP"
  83  "AGMIP|RIC|XPRX"
  84  "AGMIP|RIC|YELA"
  85  "AGMIP|RIC|YEXO"
  86  "AGMIP|RIC|YILD"
  87  "AGMIP|RUM|CONS"
  88  "AGMIP|RUM|food"
  89  "AGMIP|RUM|PELA"
  90  "AGMIP|RUM|Prod"
  91  "AGMIP|RUM|XPRP"
  92  "AGMIP|RUM|XPRX"
  93  "AGMIP|RUM|YELA"
  94  "AGMIP|SUG|Area"
  95  "AGMIP|SUG|CONS"
  96  "AGMIP|SUG|Feed"
  97  "AGMIP|SUG|food"
  98  "AGMIP|SUG|PELA"
  99  "AGMIP|SUG|Prod"
 100  "AGMIP|SUG|XPRP"
 101  "AGMIP|SUG|XPRX"
 102  "AGMIP|SUG|YELA"
 103  "AGMIP|SUG|YEXO"
 104  "AGMIP|SUG|YILD"
 105  "AGMIP|WHT|Area"
 106  "AGMIP|WHT|CONS"
GAMS 24.5.6  r55090 Released Nov 27, 2015 WEX-WEI x86 64bit/MS Windows                                                                                                                                                                 06/04/20 16:56:32 Page 3
G e n e r a l   A l g e b r a i c   M o d e l i n g   S y s t e m
C o m p i l a t i o n


 107  "AGMIP|WHT|Feed"
 108  "AGMIP|WHT|food"
 109  "AGMIP|WHT|PELA"
 110  "AGMIP|WHT|Prod"
 111  "AGMIP|WHT|XPRP"
 112  "AGMIP|WHT|XPRX"
 113  "AGMIP|WHT|YELA"
 114  "AGMIP|WHT|YEXO"
 115  "AGMIP|WHT|YILD"
 116  "Agricultural Demand"
 117  "Agricultural Demand|Bioenergy"
 118  "Agricultural Demand|Bioenergy|2nd generation"
 119  "Agricultural Demand|Crops|Feed"
 120  "Agricultural Demand|Crops|Food"
 121  "Agricultural Demand|Crops|Other"
 122  "Agricultural Demand|Energy"
 123  "Agricultural Demand|Energy|Crops"
 124  "Agricultural Demand|Energy|Crops|2nd generation"
 125  "Agricultural Demand|Feed"
 126  "Agricultural Demand|Food"
 127  "Agricultural Demand|Livestock|Feed"
 128  "Agricultural Demand|Livestock|Food"
 129  "Agricultural Demand|Livestock|Other"
 130  "Agricultural Demand|Non-Energy"
 131  "Agricultural Demand|Non-Energy|Crops"
 132  "Agricultural Demand|Non-Energy|Crops|Feed"
 133  "Agricultural Demand|Non-Energy|Crops|Food"
 134  "Agricultural Demand|Non-Energy|Crops|Other"
 135  "Agricultural Demand|Non-Energy|Livestock"
 136  "Agricultural Demand|Non-Energy|Livestock|Food"
 137  "Agricultural Demand|Non-Energy|Livestock|Other"
 138  "Agricultural Demand|Other"
 139  "Agricultural Producer Price|Coarse grain"
 140  "Agricultural Producer Price|Oil Seed"
 141  "Agricultural Producer Price|Rice"
 142  "Agricultural Producer Price|Wheat"
 143  "Agricultural Production"
 144  "Agricultural Production|Coarse grain"
 145  "Agricultural Production|Crops|Energy"
 146  "Agricultural Production|Crops|Non-Energy"
 147  "Agricultural Production|Crops|Non-Energy|Cereals"
 148  "Agricultural Production|Energy"
 149  "Agricultural Production|Energy|Crops"
 150  "Agricultural Production|Livestock"
 151  "Agricultural Production|Non-Energy"
 152  "Agricultural Production|Non-Energy|Crops"
 153  "Agricultural Production|Non-Energy|Livestock"
 154  "Agricultural Production|Oil Seed"
 155  "Agricultural Production|Rice"
 156  "Agricultural Production|Wheat"
 157  "Capacity Additions|Electricity"
 158  "Capacity Additions|Electricity|Biomass"
 159  "Capacity Additions|Electricity|Biomass|w/ CCS"
GAMS 24.5.6  r55090 Released Nov 27, 2015 WEX-WEI x86 64bit/MS Windows                                                                                                                                                                 06/04/20 16:56:32 Page 4
G e n e r a l   A l g e b r a i c   M o d e l i n g   S y s t e m
C o m p i l a t i o n


 160  "Capacity Additions|Electricity|Biomass|w/o CCS"
 161  "Capacity Additions|Electricity|Coal"
 162  "Capacity Additions|Electricity|Coal|w/ CCS"
 163  "Capacity Additions|Electricity|Coal|w/o CCS"
 164  "Capacity Additions|Electricity|Gas"
 165  "Capacity Additions|Electricity|Gas|w/ CCS"
 166  "Capacity Additions|Electricity|Gas|w/o CCS"
 167  "Capacity Additions|Electricity|Geothermal"
 168  "Capacity Additions|Electricity|Hydro"
 169  "Capacity Additions|Electricity|Nuclear"
 170  "Capacity Additions|Electricity|Oil"
 171  "Capacity Additions|Electricity|Oil|w/ CCS"
 172  "Capacity Additions|Electricity|Oil|w/o CCS"
 173  "Capacity Additions|Electricity|Solar"
 174  "Capacity Additions|Electricity|Solar|PV"
 175  "Capacity Additions|Electricity|Wind"
 176  "Capacity Additions|Electricity|Wind|Onshore"
 177  "Capacity|Electricity"
 178  "Capacity|Electricity|Biomass"
 179  "Capacity|Electricity|Biomass|w/ CCS"
 180  "Capacity|Electricity|Biomass|w/o CCS"
 181  "Capacity|Electricity|Coal"
 182  "Capacity|Electricity|Coal|w/ CCS"
 183  "Capacity|Electricity|Coal|w/o CCS"
 184  "Capacity|Electricity|Gas"
 185  "Capacity|Electricity|Gas|w/ CCS"
 186  "Capacity|Electricity|Gas|w/o CCS"
 187  "Capacity|Electricity|Geothermal"
 188  "Capacity|Electricity|Hydro"
 189  "Capacity|Electricity|Nuclear"
 190  "Capacity|Electricity|Oil"
 191  "Capacity|Electricity|Oil|w/ CCS"
 192  "Capacity|Electricity|Oil|w/o CCS"
 193  "Capacity|Electricity|Other"
 194  "Capacity|Electricity|Solar"
 195  "Capacity|Electricity|Solar|PV"
 196  "Capacity|Electricity|Wind"
 197  "Capacity|Electricity|Wind|Onshore"
 198  "Capacity|Liquids|Biomass|w/ CCS"
 199  "Capacity|Liquids|Biomass|w/o CCS"
 200  "Capacity|Liquids|Oil"
 201  "Capital Cost|Electricity|Biomass|w/ CCS"
 202  "Capital Cost|Electricity|Biomass|w/o CCS"
 203  "Capital Cost|Electricity|Coal|w/ CCS"
 204  "Capital Cost|Electricity|Coal|w/o CCS"
 205  "Capital Cost|Electricity|Gas|w/ CCS"
 206  "Capital Cost|Electricity|Gas|w/o CCS"
 207  "Capital Cost|Electricity|Geothermal"
 208  "Capital Cost|Electricity|Hydro"
 209  "Capital Cost|Electricity|Nuclear"
 210  "Capital Cost|Electricity|Solar|PV"
 211  "Capital Cost|Electricity|Wind|Onshore"
 212  "Capital Cost|Liquids|Biomass|Cellulosic Nondiesel|w/ CCS"
GAMS 24.5.6  r55090 Released Nov 27, 2015 WEX-WEI x86 64bit/MS Windows                                                                                                                                                                 06/04/20 16:56:32 Page 5
G e n e r a l   A l g e b r a i c   M o d e l i n g   S y s t e m
C o m p i l a t i o n


 213  "Capital Cost|Liquids|Biomass|Cellulosic Nondiesel|w/o CCS"
 214  "Capital Cost|Liquids|Biomass|w/ CCS"
 215  "Capital Cost|Liquids|Biomass|w/o CCS"
 216  "Capital Cost|Liquids|Oil"
 217  "Carbon Intensity"
 218  "Carbon Intensity Improvement Speed"
 219  "Carbon Sequestration|CCS"
 220  "Carbon Sequestration|CCS|Biomass"
 221  "Carbon Sequestration|CCS|Biomass|Energy"
 222  "Carbon Sequestration|CCS|Biomass|Energy|Supply"
 223  "Carbon Sequestration|CCS|Biomass|Energy|Supply|Electricity"
 224  "Carbon Sequestration|CCS|Biomass|Energy|Supply|Liquids"
 225  "Carbon Sequestration|CCS|Fossil"
 226  "Carbon Sequestration|CCS|Fossil|Energy"
 227  "Carbon Sequestration|CCS|Fossil|Energy|Demand|Industry"
 228  "Carbon Sequestration|CCS|Fossil|Energy|Supply"
 229  "Carbon Sequestration|CCS|Fossil|Energy|Supply|Electricity"
 230  "Carbon Sequestration|CCS|Fossil|Energy|Supply|Liquids"
 231  "Carbon Sequestration|CCS|Fossil|Industrial Processes"
 232  "Carbon Sequestration|CCS|Industrial Processes"
 233  "Consumption"
 234  "Cumulative Capacity|Electricity"
 235  "Cumulative Capacity|Electricity|Biomass|w/ CCS"
 236  "Cumulative Capacity|Electricity|Biomass|w/o CCS"
 237  "Cumulative Capacity|Electricity|Coal|w/ CCS"
 238  "Cumulative Capacity|Electricity|Coal|w/o CCS"
 239  "Cumulative Capacity|Electricity|Gas|w/ CCS"
 240  "Cumulative Capacity|Electricity|Gas|w/o CCS"
 241  "Cumulative Capacity|Electricity|Geothermal"
 242  "Cumulative Capacity|Electricity|Hydro"
 243  "Cumulative Capacity|Electricity|Non-Biomass Renewables"
 244  "Cumulative Capacity|Electricity|Nuclear"
 245  "Cumulative Capacity|Electricity|Oil|w/ CCS"
 246  "Cumulative Capacity|Electricity|Oil|w/o CCS"
 247  "Cumulative Capacity|Electricity|Solar|PV"
 248  "Cumulative Capacity|Electricity|Wind|Onshore"
 249  "Efficiency|Electricity|Biomass|w/ CCS"
 250  "Efficiency|Electricity|Biomass|w/o CCS"
 251  "Efficiency|Electricity|Coal|w/ CCS"
 252  "Efficiency|Electricity|Coal|w/o CCS"
 253  "Efficiency|Electricity|Gas|w/ CCS"
 254  "Efficiency|Electricity|Gas|w/o CCS"
 255  "Efficiency|Liquids|Biomass|Cellulosic Nondiesel|w/ CCS"
 256  "Efficiency|Liquids|Biomass|Cellulosic Nondiesel|w/o CCS"
 257  "Efficiency|Liquids|Biomass|Conventional Ethanol|w/o CCS"
 258  "Efficiency|Liquids|Biomass|w/ CCS"
 259  "Efficiency|Liquids|Biomass|w/o CCS"
 260  "Electrification rate (Ele/TFC)"
 261  "Emissions|BC"
 262  "Emissions|BC|AFOLU"
 263  "Emissions|BC|AFOLU|Aggregate - Agriculture and Biomass Burning"
 264  "Emissions|BC|AFOLU|Biomass Burning"
 265  "Emissions|BC|AFOLU|Land"
GAMS 24.5.6  r55090 Released Nov 27, 2015 WEX-WEI x86 64bit/MS Windows                                                                                                                                                                 06/04/20 16:56:32 Page 6
G e n e r a l   A l g e b r a i c   M o d e l i n g   S y s t e m
C o m p i l a t i o n


 266  "Emissions|BC|AFOLU|Land|Forest Burning"
 267  "Emissions|BC|AFOLU|Land|Grassland Burning"
 268  "Emissions|BC|Aggregate - Fossil Fuels and Industry"
 269  "Emissions|BC|Energy"
 270  "Emissions|BC|Energy|Demand"
 271  "Emissions|BC|Energy|Demand|AFOFI"
 272  "Emissions|BC|Energy|Demand|Agg-Residential and Commercial"
 273  "Emissions|BC|Energy|Demand|Commercial"
 274  "Emissions|BC|Energy|Demand|Industry"
 275  "Emissions|BC|Energy|Demand|Residential"
 276  "Emissions|BC|Energy|Demand|Residential and Commercial"
 277  "Emissions|BC|Energy|Demand|Residential and Commercial and AFOFI"
 278  "Emissions|BC|Energy|Demand|Transportation"
 279  "Emissions|BC|Energy|Demand|Transportation|Agg-Rail and DShip"
 280  "Emissions|BC|Energy|Demand|Transportation|Road"
 281  "Emissions|BC|Energy|Demand|Transportation|Shipping"
 282  "Emissions|BC|Energy|Demand|Transportation|Shipping|Domestic"
 283  "Emissions|BC|Energy|Supply"
 284  "Emissions|BC|Energy|Supply|Aggregate - Electricity and Heat"
 285  "Emissions|BC|Energy|Supply|Agg-Fuel Pro and Trans"
 286  "Emissions|BC|Energy|Supply|Aggregate - Fugitive"
 287  "Emissions|BC|Energy|Supply|Agg-Solids and Other Fugitive"
 288  "Emissions|BC|Energy|Supply|Electricity"
 289  "Emissions|BC|Energy|Supply|Solids|Fugitive"
 290  "Emissions|BC|Industrial Processes"
 291  "Emissions|BC|Waste"
 292  "Emissions|BC|Waste|Incineration"
 293  "Emissions|C2F6"
 294  "Emissions|C6F14"
 295  "Emissions|CF4"
 296  "Emissions|CH4"
 297  "Emissions|CH4|AFOLU"
 298  "Emissions|CH4|AFOLU|Aggregate - Agriculture and Biomass Burning"
 299  "Emissions|CH4|AFOLU|Agriculture"
 300  "Emissions|CH4|AFOLU|Agriculture|Livestock"
 301  "Emissions|CH4|AFOLU|Agriculture|Livestock|Enteric Fermentation"
 302  "Emissions|CH4|AFOLU|Agriculture|Livestock|Manure Management"
 303  "Emissions|CH4|AFOLU|Agriculture|Rice"
 304  "Emissions|CH4|AFOLU|Biomass Burning"
 305  "Emissions|CH4|AFOLU|Land"
 306  "Emissions|CH4|AFOLU|Land|Forest Burning"
 307  "Emissions|CH4|AFOLU|Land|Grassland Burning"
 308  "Emissions|CH4|Aggregate - Fossil Fuels and Industry"
 309  "Emissions|CH4|Energy"
 310  "Emissions|CH4|Energy|Demand"
 311  "Emissions|CH4|Energy|Demand|AFOFI"
 312  "Emissions|CH4|Energy|Demand|Agg-Residential and Commercial"
 313  "Emissions|CH4|Energy|Demand|Commercial"
 314  "Emissions|CH4|Energy|Demand|Industry"
 315  "Emissions|CH4|Energy|Demand|Residential"
 316  "Emissions|CH4|Energy|Demand|Residential and Commercial"
 317  "Emissions|CH4|Energy|Demand|Res and Com and AFOFI"
 318  "Emissions|CH4|Energy|Demand|Transportation"
GAMS 24.5.6  r55090 Released Nov 27, 2015 WEX-WEI x86 64bit/MS Windows                                                                                                                                                                 06/04/20 16:56:32 Page 7
G e n e r a l   A l g e b r a i c   M o d e l i n g   S y s t e m
C o m p i l a t i o n


 319  "Emissions|CH4|Energy|Demand|Transportation|Agg-Rail and DShip"
 320  "Emissions|CH4|Energy|Demand|Transportation|Aviation"
 321  "Emissions|CH4|Energy|Demand|Transportation|Aviation|Domestic"
 322  "Emissions|CH4|Energy|Demand|Transportation|Rail"
 323  "Emissions|CH4|Energy|Demand|Transportation|Road"
 324  "Emissions|CH4|Energy|Demand|Transportation|Shipping"
 325  "Emissions|CH4|Energy|Demand|Transportation|Shipping|Domestic"
 326  "Emissions|CH4|Energy|Supply"
 327  "Emissions|CH4|Energy|Supply|Aggregate - Electricity and Heat"
 328  "Emissions|CH4|Energy|Supply|Agg-Fuel Pro and Trans"
 329  "Emissions|CH4|Energy|Supply|Aggregate - Fugitive"
 330  "Emissions|CH4|Energy|Supply|Agg-Gases and Liquids Fugitive"
 331  "Emissions|CH4|Energy|Supply|Agg-Solids and Other Fugitive"
 332  "Emissions|CH4|Energy|Supply|Electricity"
 333  "Emissions|CH4|Energy|Supply|Gases and Liquids|Fugitive"
 334  "Emissions|CH4|Energy|Supply|Gases|Fugitive"
 335  "Emissions|CH4|Energy|Supply|Liquids|Fugitive"
 336  "Emissions|CH4|Energy|Supply|Solids|Fugitive"
 337  "Emissions|CH4|Industrial Processes"
 338  "Emissions|CH4|Waste"
 339  "Emissions|CH4|Waste|Biological Treatment"
 340  "Emissions|CH4|Waste|Incineration"
 341  "Emissions|CH4|Waste|Solid Waste Disposal"
 342  "Emissions|CH4|Waste|Wastewater Treatment"
 343  "Emissions|CO"
 344  "Emissions|CO|AFOLU"
 345  "Emissions|CO|AFOLU|Aggregate - Agriculture and Biomass Burning"
 346  "Emissions|CO|AFOLU|Biomass Burning"
 347  "Emissions|CO|AFOLU|Land"
 348  "Emissions|CO|AFOLU|Land|Forest Burning"
 349  "Emissions|CO|AFOLU|Land|Grassland Burning"
 350  "Emissions|CO|Aggregate - Fossil Fuels and Industry"
 351  "Emissions|CO|Energy"
 352  "Emissions|CO|Energy|Demand"
 353  "Emissions|CO|Energy|Demand|AFOFI"
 354  "Emissions|CO|Energy|Demand|Agg-Residential and Commercial"
 355  "Emissions|CO|Energy|Demand|Commercial"
 356  "Emissions|CO|Energy|Demand|Industry"
 357  "Emissions|CO|Energy|Demand|Residential"
 358  "Emissions|CO|Energy|Demand|Residential and Commercial"
 359  "Emissions|CO|Energy|Demand|Residential and Commercial and AFOFI"
 360  "Emissions|CO|Energy|Demand|Transportation"
 361  "Emissions|CO|Energy|Demand|Transportation|Agg-Rail and DShip"
 362  "Emissions|CO|Energy|Demand|Transportation|Aviation"
 363  "Emissions|CO|Energy|Demand|Transportation|Aviation|Domestic"
 364  "Emissions|CO|Energy|Demand|Transportation|Rail"
 365  "Emissions|CO|Energy|Demand|Transportation|Road"
 366  "Emissions|CO|Energy|Demand|Transportation|Shipping"
 367  "Emissions|CO|Energy|Demand|Transportation|Shipping|Domestic"
 368  "Emissions|CO|Energy|Supply"
 369  "Emissions|CO|Energy|Supply|Aggregate - Electricity and Heat"
 370  "Emissions|CO|Energy|Supply|Agg-Fuel Pro and Trans"
 371  "Emissions|CO|Energy|Supply|Aggregate - Fugitive"
GAMS 24.5.6  r55090 Released Nov 27, 2015 WEX-WEI x86 64bit/MS Windows                                                                                                                                                                 06/04/20 16:56:32 Page 8
G e n e r a l   A l g e b r a i c   M o d e l i n g   S y s t e m
C o m p i l a t i o n


 372  "Emissions|CO|Energy|Supply|Agg-Gases and Liquids Fugitive"
 373  "Emissions|CO|Energy|Supply|Agg-Solids and Other Fugitive"
 374  "Emissions|CO|Energy|Supply|Electricity"
 375  "Emissions|CO|Energy|Supply|Gases and Liquids|Fugitive"
 376  "Emissions|CO|Energy|Supply|Gases|Fugitive"
 377  "Emissions|CO|Energy|Supply|Liquids|Fugitive"
 378  "Emissions|CO|Energy|Supply|Solids|Fugitive"
 379  "Emissions|CO|Industrial Processes"
 380  "Emissions|CO|Waste"
 381  "Emissions|CO|Waste|Incineration"
 382  "Emissions|CO2"
 383  "Emissions|CO2|AFOLU"
 384  "Emissions|CO2|AFOLU|Land"
 385  "Emissions|CO2|AFOLU|Land|Forest"
 386  "Emissions|CO2|AFOLU|Land|Forest Burning"
 387  "Emissions|CO2|Aggregate - Fossil Fuels and Industry"
 388  "Emissions|CO2|Energy"
 389  "Emissions|CO2|Energy and Industrial Processes"
 390  "Emissions|CO2|Energy|Demand"
 391  "Emissions|CO2|Energy|Demand|AFOFI"
 392  "Emissions|CO2|Energy|Demand|Agg-Residential and Commercial"
 393  "Emissions|CO2|Energy|Demand|Commercial"
 394  "Emissions|CO2|Energy|Demand|Industry"
 395  "Emissions|CO2|Energy|Demand|Residential"
 396  "Emissions|CO2|Energy|Demand|Residential and Commercial"
 397  "Emissions|CO2|Energy|Demand|Res and Com and AFOFI"
 398  "Emissions|CO2|Energy|Demand|Transportation"
 399  "Emissions|CO2|Energy|Demand|Transportation|Agg-Rail and DShip"
 400  "Emissions|CO2|Energy|Demand|Transportation|Aviation"
 401  "Emissions|CO2|Energy|Demand|Transportation|Aviation|Domestic"
 402  "Emissions|CO2|Energy|Demand|Transportation|Other Sector"
 403  "Emissions|CO2|Energy|Demand|Transportation|Rail"
 404  "Emissions|CO2|Energy|Demand|Transportation|Road"
 405  "Emissions|CO2|Energy|Demand|Transportation|Shipping"
 406  "Emissions|CO2|Energy|Demand|Transportation|Shipping|Domestic"
 407  "Emissions|CO2|Energy|Supply"
 408  "Emissions|CO2|Energy|Supply|Aggregate - Electricity and Heat"
 409  "Emissions|CO2|Energy|Supply|Agg-Fuel Pro and Trans"
 410  "Emissions|CO2|Energy|Supply|Aggregate - Fugitive"
 411  "Emissions|CO2|Energy|Supply|Agg-Gases and Liquids Fugitive"
 412  "Emissions|CO2|Energy|Supply|Agg-Solids and Other Fugitive"
 413  "Emissions|CO2|Energy|Supply|Electricity"
 414  "Emissions|CO2|Energy|Supply|Gases and Liquids|Fugitive"
 415  "Emissions|CO2|Energy|Supply|Gases|Fugitive"
 416  "Emissions|CO2|Energy|Supply|Liquids|Fugitive"
 417  "Emissions|CO2|Energy|Supply|Solids|Fugitive"
 418  "Emissions|CO2|Fossil Fuels and Industry|Cumulative"
 419  "Emissions|CO2|Industrial Processes"
 420  "Emissions|CO2|Land Use|Flows|Negative (Sequestration)"
 421  "Emissions|CO2|Land Use|Flows|Positive (Emission)"
 422  "Emissions|CO2|Product Use"
 423  "Emissions|CO2|Product Use|Solvents"
 424  "Emissions|CO2|Waste"
GAMS 24.5.6  r55090 Released Nov 27, 2015 WEX-WEI x86 64bit/MS Windows                                                                                                                                                                 06/04/20 16:56:32 Page 9
G e n e r a l   A l g e b r a i c   M o d e l i n g   S y s t e m
C o m p i l a t i o n


 425  "Emissions|CO2|Waste|Incineration"
 426  "Emissions|F-Gases"
 427  "Emissions|HFC"
 428  "Emissions|HFC|HFC125"
 429  "Emissions|HFC|HFC134a"
 430  "Emissions|HFC|HFC143a"
 431  "Emissions|HFC|HFC227ea"
 432  "Emissions|HFC|HFC23"
 433  "Emissions|HFC|HFC245fa"
 434  "Emissions|HFC|HFC32"
 435  "Emissions|Kyoto Gases"
 436  "Emissions|N2O"
 437  "Emissions|N2O|AFOLU"
 438  "Emissions|N2O|AFOLU|Aggregate - Agriculture and Biomass Burning"
 439  "Emissions|N2O|AFOLU|Agriculture"
 440  "Emissions|N2O|AFOLU|Agriculture|Livestock"
 441  "Emissions|N2O|AFOLU|Agriculture|Livestock|Manure Management"
 442  "Emissions|N2O|AFOLU|Agriculture|Managed Soils"
 443  "Emissions|N2O|AFOLU|Biomass Burning"
 444  "Emissions|N2O|AFOLU|Land"
 445  "Emissions|N2O|AFOLU|Land|Grassland Burning"
 446  "Emissions|N2O|AFOLU|Land|Grassland Pastures"
 447  "Emissions|N2O|Aggregate - Fossil Fuels and Industry"
 448  "Emissions|N2O|Energy"
 449  "Emissions|N2O|Energy|Demand"
 450  "Emissions|N2O|Energy|Demand|AFOFI"
 451  "Emissions|N2O|Energy|Demand|Agg-Residential and Commercial"
 452  "Emissions|N2O|Energy|Demand|Commercial"
 453  "Emissions|N2O|Energy|Demand|Industry"
 454  "Emissions|N2O|Energy|Demand|Residential"
 455  "Emissions|N2O|Energy|Demand|Res and Com and AFOFI"
 456  "Emissions|N2O|Energy|Demand|Transportation"
 457  "Emissions|N2O|Energy|Demand|Transportation|Agg-Rail and DShip"
 458  "Emissions|N2O|Energy|Demand|Transportation|Aviation"
 459  "Emissions|N2O|Energy|Demand|Transportation|Aviation|Domestic"
 460  "Emissions|N2O|Energy|Demand|Transportation|Rail"
 461  "Emissions|N2O|Energy|Demand|Transportation|Road"
 462  "Emissions|N2O|Energy|Demand|Transportation|Shipping"
 463  "Emissions|N2O|Energy|Demand|Transportation|Shipping|Domestic"
 464  "Emissions|N2O|Energy|Supply"
 465  "Emissions|N2O|Energy|Supply|Aggregate - Electricity and Heat"
 466  "Emissions|N2O|Energy|Supply|Agg-Fuel Pro and Trans"
 467  "Emissions|N2O|Energy|Supply|Aggregate - Fugitive"
 468  "Emissions|N2O|Energy|Supply|Agg-Gases and Liquids Fugitive"
 469  "Emissions|N2O|Energy|Supply|Agg-Solids and Other Fugitive"
 470  "Emissions|N2O|Energy|Supply|Electricity"
 471  "Emissions|N2O|Energy|Supply|Gases and Liquids|Fugitive"
 472  "Emissions|N2O|Energy|Supply|Gases|Fugitive"
 473  "Emissions|N2O|Energy|Supply|Liquids|Fugitive"
 474  "Emissions|N2O|Energy|Supply|Solids|Fugitive"
 475  "Emissions|N2O|Industrial Processes"
 476  "Emissions|N2O|Product Use"
 477  "Emissions|N2O|Product Use|Solvents"
GAMS 24.5.6  r55090 Released Nov 27, 2015 WEX-WEI x86 64bit/MS Windows                                                                                                                                                                06/04/20 16:56:32 Page 10
G e n e r a l   A l g e b r a i c   M o d e l i n g   S y s t e m
C o m p i l a t i o n


 478  "Emissions|N2O|Waste"
 479  "Emissions|N2O|Waste|Biological Treatment"
 480  "Emissions|N2O|Waste|Incineration"
 481  "Emissions|N2O|Waste|Wastewater Treatment"
 482  "Emissions|NH3"
 483  "Emissions|NH3|AFOLU"
 484  "Emissions|NH3|AFOLU|Aggregate - Agriculture and Biomass Burning"
 485  "Emissions|NH3|AFOLU|Agriculture"
 486  "Emissions|NH3|AFOLU|Agriculture|Livestock"
 487  "Emissions|NH3|AFOLU|Agriculture|Livestock|Manure Management"
 488  "Emissions|NH3|AFOLU|Agriculture|Managed Soils"
 489  "Emissions|NH3|AFOLU|Biomass Burning"
 490  "Emissions|NH3|AFOLU|Land"
 491  "Emissions|NH3|AFOLU|Land|Forest Burning"
 492  "Emissions|NH3|AFOLU|Land|Grassland Burning"
 493  "Emissions|NH3|AFOLU|Land|Grassland Pastures"
 494  "Emissions|NH3|Aggregate - Fossil Fuels and Industry"
 495  "Emissions|NH3|Energy"
 496  "Emissions|NH3|Energy|Demand"
 497  "Emissions|NH3|Energy|Demand|AFOFI"
 498  "Emissions|NH3|Energy|Demand|Agg-Residential and Commercial"
 499  "Emissions|NH3|Energy|Demand|Commercial"
 500  "Emissions|NH3|Energy|Demand|Industry"
 501  "Emissions|NH3|Energy|Demand|Residential"
 502  "Emissions|NH3|Energy|Demand|Residential and Commercial"
 503  "Emissions|NH3|Energy|Demand|Res and Com and AFOFI"
 504  "Emissions|NH3|Energy|Demand|Transportation"
 505  "Emissions|NH3|Energy|Demand|Transportation|Agg-Rail and DShip"
 506  "Emissions|NH3|Energy|Demand|Transportation|Rail"
 507  "Emissions|NH3|Energy|Demand|Transportation|Road"
 508  "Emissions|NH3|Energy|Demand|Transportation|Shipping"
 509  "Emissions|NH3|Energy|Demand|Transportation|Shipping|Domestic"
 510  "Emissions|NH3|Energy|Supply"
 511  "Emissions|NH3|Energy|Supply|Aggregate - Electricity and Heat"
 512  "Emissions|NH3|Energy|Supply|Agg-Fuel Pro and Trans"
 513  "Emissions|NH3|Energy|Supply|Aggregate - Fugitive"
 514  "Emissions|NH3|Energy|Supply|Agg-Solids and Other Fugitive"
 515  "Emissions|NH3|Energy|Supply|Electricity"
 516  "Emissions|NH3|Energy|Supply|Solids|Fugitive"
 517  "Emissions|NH3|Industrial Processes"
 518  "Emissions|NH3|Waste"
 519  "Emissions|NH3|Waste|Biological Treatment"
 520  "Emissions|NOx"
 521  "Emissions|NOx|AFOLU"
 522  "Emissions|NOx|AFOLU|Aggregate - Agriculture and Biomass Burning"
 523  "Emissions|NOx|AFOLU|Agriculture"
 524  "Emissions|NOx|AFOLU|Agriculture|Livestock"
 525  "Emissions|NOx|AFOLU|Agriculture|Livestock|Manure Management"
 526  "Emissions|NOx|AFOLU|Agriculture|Managed Soils"
 527  "Emissions|NOx|AFOLU|Biomass Burning"
 528  "Emissions|NOx|AFOLU|Land"
 529  "Emissions|NOx|AFOLU|Land|Forest Burning"
 530  "Emissions|NOx|AFOLU|Land|Grassland Burning"
GAMS 24.5.6  r55090 Released Nov 27, 2015 WEX-WEI x86 64bit/MS Windows                                                                                                                                                                06/04/20 16:56:32 Page 11
G e n e r a l   A l g e b r a i c   M o d e l i n g   S y s t e m
C o m p i l a t i o n


 531  "Emissions|NOx|AFOLU|Land|Grassland Pastures"
 532  "Emissions|NOx|Aggregate - Fossil Fuels and Industry"
 533  "Emissions|NOx|Energy"
 534  "Emissions|NOx|Energy|Demand"
 535  "Emissions|NOx|Energy|Demand|AFOFI"
 536  "Emissions|NOx|Energy|Demand|Agg-Residential and Commercial"
 537  "Emissions|NOx|Energy|Demand|Commercial"
 538  "Emissions|NOx|Energy|Demand|Industry"
 539  "Emissions|NOx|Energy|Demand|Residential"
 540  "Emissions|NOx|Energy|Demand|Residential and Commercial"
 541  "Emissions|NOx|Energy|Demand|Res and Com and AFOFI"
 542  "Emissions|NOx|Energy|Demand|Transportation"
 543  "Emissions|NOx|Energy|Demand|Transportation|Agg-Rail and DShip"
 544  "Emissions|NOx|Energy|Demand|Transportation|Aviation"
 545  "Emissions|NOx|Energy|Demand|Transportation|Aviation|Domestic"
 546  "Emissions|NOx|Energy|Demand|Transportation|Rail"
 547  "Emissions|NOx|Energy|Demand|Transportation|Road"
 548  "Emissions|NOx|Energy|Demand|Transportation|Shipping"
 549  "Emissions|NOx|Energy|Demand|Transportation|Shipping|Domestic"
 550  "Emissions|NOx|Energy|Supply"
 551  "Emissions|NOx|Energy|Supply|Aggregate - Electricity and Heat"
 552  "Emissions|NOx|Energy|Supply|Agg-Fuel Pro and Trans"
 553  "Emissions|NOx|Energy|Supply|Aggregate - Fugitive"
 554  "Emissions|NOx|Energy|Supply|Agg-Gases and Liquids Fugitive"
 555  "Emissions|NOx|Energy|Supply|Agg-Solids and Other Fugitive"
 556  "Emissions|NOx|Energy|Supply|Electricity"
 557  "Emissions|NOx|Energy|Supply|Gases and Liquids|Fugitive"
 558  "Emissions|NOx|Energy|Supply|Gases|Fugitive"
 559  "Emissions|NOx|Energy|Supply|Liquids|Fugitive"
 560  "Emissions|NOx|Energy|Supply|Solids|Fugitive"
 561  "Emissions|NOx|Industrial Processes"
 562  "Emissions|NOx|Waste"
 563  "Emissions|NOx|Waste|Incineration"
 564  "Emissions|OC"
 565  "Emissions|OC|AFOLU"
 566  "Emissions|OC|AFOLU|Aggregate - Agriculture and Biomass Burning"
 567  "Emissions|OC|AFOLU|Biomass Burning"
 568  "Emissions|OC|AFOLU|Land"
 569  "Emissions|OC|AFOLU|Land|Forest Burning"
 570  "Emissions|OC|AFOLU|Land|Grassland Burning"
 571  "Emissions|OC|Aggregate - Fossil Fuels and Industry"
 572  "Emissions|OC|Energy"
 573  "Emissions|OC|Energy|Demand"
 574  "Emissions|OC|Energy|Demand|AFOFI"
 575  "Emissions|OC|Energy|Demand|Agg-Residential and Commercial"
 576  "Emissions|OC|Energy|Demand|Commercial"
 577  "Emissions|OC|Energy|Demand|Industry"
 578  "Emissions|OC|Energy|Demand|Residential"
 579  "Emissions|OC|Energy|Demand|Residential and Commercial"
 580  "Emissions|OC|Energy|Demand|Residential and Commercial and AFOFI"
 581  "Emissions|OC|Energy|Demand|Transportation"
 582  "Emissions|OC|Energy|Demand|Transportation|Agg-Rail and DShip"
 583  "Emissions|OC|Energy|Demand|Transportation|Road"
GAMS 24.5.6  r55090 Released Nov 27, 2015 WEX-WEI x86 64bit/MS Windows                                                                                                                                                                06/04/20 16:56:32 Page 12
G e n e r a l   A l g e b r a i c   M o d e l i n g   S y s t e m
C o m p i l a t i o n


 584  "Emissions|OC|Energy|Demand|Transportation|Shipping"
 585  "Emissions|OC|Energy|Demand|Transportation|Shipping|Domestic"
 586  "Emissions|OC|Energy|Supply"
 587  "Emissions|OC|Energy|Supply|Aggregate - Electricity and Heat"
 588  "Emissions|OC|Energy|Supply|Aggregate - Fugitive"
 589  "Emissions|OC|Energy|Supply|Agg-Solids and Other Fugitive"
 590  "Emissions|OC|Energy|Supply|Electricity"
 591  "Emissions|OC|Energy|Supply|Solids|Fugitive"
 592  "Emissions|OC|Industrial Processes"
 593  "Emissions|OC|Waste"
 594  "Emissions|OC|Waste|Incineration"
 595  "Emissions|PFC"
 596  "Emissions|SF6"
 597  "Emissions|Sulfur"
 598  "Emissions|Sulfur|AFOLU"
 599  "Emissions|Sulfur|AFOLU|Agg-Agriculture and Biomass Burning"
 600  "Emissions|Sulfur|AFOLU|Biomass Burning"
 601  "Emissions|Sulfur|AFOLU|Land"
 602  "Emissions|Sulfur|AFOLU|Land|Forest Burning"
 603  "Emissions|Sulfur|AFOLU|Land|Grassland Burning"
 604  "Emissions|Sulfur|Aggregate - Fossil Fuels and Industry"
 605  "Emissions|Sulfur|Energy"
 606  "Emissions|Sulfur|Energy|Demand"
 607  "Emissions|Sulfur|Energy|Demand|AFOFI"
 608  "Emissions|Sulfur|Energy|Demand|Agg-Residential and Commercial"
 609  "Emissions|Sulfur|Energy|Demand|Commercial"
 610  "Emissions|Sulfur|Energy|Demand|Industry"
 611  "Emissions|Sulfur|Energy|Demand|Residential"
 612  "Emissions|Sulfur|Energy|Demand|Residential and Commercial"
 613  "Emissions|Sulfur|Energy|Demand|Res and Com and AFOFI"
 614  "Emissions|Sulfur|Energy|Demand|Transportation"
 615  "Emissions|Sulfur|Energy|Demand|Transport|Agg-Rail and DShip"
 616  "Emissions|Sulfur|Energy|Demand|Transportation|Aviation"
 617  "Emissions|Sulfur|Energy|Demand|Transportation|Aviation|Domestic"
 618  "Emissions|Sulfur|Energy|Demand|Transportation|Rail"
 619  "Emissions|Sulfur|Energy|Demand|Transportation|Road"
 620  "Emissions|Sulfur|Energy|Demand|Transportation|Shipping"
 621  "Emissions|Sulfur|Energy|Demand|Transportation|Shipping|Domestic"
 622  "Emissions|Sulfur|Energy|Supply"
 623  "Emissions|Sulfur|Energy|Supply|Aggregate - Electricity and Heat"
 624  "Emissions|Sulfur|Energy|Supply|Agg-Fuel Pro and Trans"
 625  "Emissions|Sulfur|Energy|Supply|Aggregate - Fugitive"
 626  "Emissions|Sulfur|Energy|Supply|Agg-Gases and Liquids Fugitive"
 627  "Emissions|Sulfur|Energy|Supply|Electricity"
 628  "Emissions|Sulfur|Energy|Supply|Gases and Liquids|Fugitive"
 629  "Emissions|Sulfur|Energy|Supply|Gases|Fugitive"
 630  "Emissions|Sulfur|Energy|Supply|Liquids|Fugitive"
 631  "Emissions|Sulfur|Industrial Processes"
 632  "Emissions|Sulfur|Waste"
 633  "Emissions|Sulfur|Waste|Incineration"
 634  "Emissions|VOC"
 635  "Emissions|VOC|AFOLU"
 636  "Emissions|VOC|AFOLU|Aggregate - Agriculture and Biomass Burning"
GAMS 24.5.6  r55090 Released Nov 27, 2015 WEX-WEI x86 64bit/MS Windows                                                                                                                                                                06/04/20 16:56:32 Page 13
G e n e r a l   A l g e b r a i c   M o d e l i n g   S y s t e m
C o m p i l a t i o n


 637  "Emissions|VOC|AFOLU|Biomass Burning"
 638  "Emissions|VOC|AFOLU|Land"
 639  "Emissions|VOC|AFOLU|Land|Forest Burning"
 640  "Emissions|VOC|AFOLU|Land|Grassland Burning"
 641  "Emissions|VOC|Aggregate - Fossil Fuels and Industry"
 642  "Emissions|VOC|Energy"
 643  "Emissions|VOC|Energy|Demand"
 644  "Emissions|VOC|Energy|Demand|AFOFI"
 645  "Emissions|VOC|Energy|Demand|Agg-Residential and Commercial"
 646  "Emissions|VOC|Energy|Demand|Commercial"
 647  "Emissions|VOC|Energy|Demand|Industry"
 648  "Emissions|VOC|Energy|Demand|Residential"
 649  "Emissions|VOC|Energy|Demand|Residential and Commercial"
 650  "Emissions|VOC|Energy|Demand|Res and Com and AFOFI"
 651  "Emissions|VOC|Energy|Demand|Transportation"
 652  "Emissions|VOC|Energy|Demand|Transportation|Agg-Rail and DShip"
 653  "Emissions|VOC|Energy|Demand|Transportation|Aviation"
 654  "Emissions|VOC|Energy|Demand|Transportation|Aviation|Domestic"
 655  "Emissions|VOC|Energy|Demand|Transportation|Rail"
 656  "Emissions|VOC|Energy|Demand|Transportation|Road"
 657  "Emissions|VOC|Energy|Demand|Transportation|Shipping"
 658  "Emissions|VOC|Energy|Demand|Transportation|Shipping|Domestic"
 659  "Emissions|VOC|Energy|Supply"
 660  "Emissions|VOC|Energy|Supply|Aggregate - Electricity and Heat"
 661  "Emissions|VOC|Energy|Supply|Agg-Fuel Pro and Trans"
 662  "Emissions|VOC|Energy|Supply|Aggregate - Fugitive"
 663  "Emissions|VOC|Energy|Supply|Agg-Gases and Liquids Fugitive"
 664  "Emissions|VOC|Energy|Supply|Agg-Solids and Other Fugitive"
 665  "Emissions|VOC|Energy|Supply|Electricity"
 666  "Emissions|VOC|Energy|Supply|Gases and Liquids|Fugitive"
 667  "Emissions|VOC|Energy|Supply|Gases|Fugitive"
 668  "Emissions|VOC|Energy|Supply|Liquids|Fugitive"
 669  "Emissions|VOC|Energy|Supply|Solids|Fugitive"
 670  "Emissions|VOC|Industrial Processes"
 671  "Emissions|VOC|Product Use"
 672  "Emissions|VOC|Product Use|Solvents"
 673  "Emissions|VOC|Waste"
 674  "Emissions|VOC|Waste|Biological Treatment"
 675  "Emissions|VOC|Waste|Incineration"
 676  "Emissions|VOC|Waste|Solid Waste Disposal"
 677  "Energy Intensity"
 678  "Energy Intensity Improvement Speed"
 679  "Fertilizer Use|Nitrogen"
 680  "Final Energy"
 681  "Final Energy per capita"
 682  "Final Energy|AFOFI"
 683  "Final Energy|Commercial"
 684  "Final Energy|Commercial|Electricity"
 685  "Final Energy|Commercial|Gases"
 686  "Final Energy|Commercial|Heat"
 687  "Final Energy|Commercial|Liquids"
 688  "Final Energy|Commercial|Liquids|Oil"
 689  "Final Energy|Commercial|Solids"
GAMS 24.5.6  r55090 Released Nov 27, 2015 WEX-WEI x86 64bit/MS Windows                                                                                                                                                                06/04/20 16:56:32 Page 14
G e n e r a l   A l g e b r a i c   M o d e l i n g   S y s t e m
C o m p i l a t i o n


 690  "Final Energy|Commercial|Solids|Biomass"
 691  "Final Energy|Commercial|Solids|Biomass|Traditional"
 692  "Final Energy|Commercial|Solids|Coal"
 693  "Final Energy|Electricity"
 694  "Final Energy|Electricity and Heat"
 695  "Final Energy|Gases"
 696  "Final Energy|Geothermal"
 697  "Final Energy|Heat"
 698  "Final Energy|Hydrogen"
 699  "Final Energy|Industry"
 700  "Final Energy|Industry|Electricity"
 701  "Final Energy|Industry|Electricity and Heat"
 702  "Final Energy|Industry|Gases"
 703  "Final Energy|Industry|Heat"
 704  "Final Energy|Industry|Hydrogen"
 705  "Final Energy|Industry|Liquids"
 706  "Final Energy|Industry|Liquids|Biomass"
 707  "Final Energy|Industry|Liquids|Oil"
 708  "Final Energy|Industry|Solids"
 709  "Final Energy|Industry|Solids|Biomass"
 710  "Final Energy|Industry|Solids|Coal"
 711  "Final Energy|Liquids"
 712  "Final Energy|Liquids|Biomass"
 713  "Final Energy|Liquids|Oil"
 714  "Final Energy|Non-Energy Use"
 715  "Final Energy|Non-Energy Use|Biomass"
 716  "Final Energy|Non-Energy Use|Coal"
 717  "Final Energy|Non-Energy Use|Gas"
 718  "Final Energy|Non-Energy Use|Oil"
 719  "Final Energy|Other Sector"
 720  "Final Energy|Other Sector|Electricity"
 721  "Final Energy|Other Sector|Gases"
 722  "Final Energy|Other Sector|Heat"
 723  "Final Energy|Other Sector|Liquids"
 724  "Final Energy|Other Sector|Solids"
 725  "Final Energy|Other Sector|Solids|Coal"
 726  "Final Energy|Residential"
 727  "Final Energy|Residential and Commercial"
 728  "Final Energy|Residential and Commercial and AFOFI"
 729  "Final Energy|Residential and Commercial|Electricity"
 730  "Final Energy|Residential and Commercial|Electricity and Heat"
 731  "Final Energy|Residential and Commercial|Gases"
 732  "Final Energy|Residential and Commercial|Gases|Natural gas"
 733  "Final Energy|Residential and Commercial|Heat"
 734  "Final Energy|Residential and Commercial|Hydrogen"
 735  "Final Energy|Residential and Commercial|Liquids"
 736  "Final Energy|Residential and Commercial|Liquids|Biomass"
 737  "Final Energy|Residential and Commercial|Liquids|Oil"
 738  "Final Energy|Residential and Commercial|Solids"
 739  "Final Energy|Residential and Commercial|Solids|Biomass"
 740  "Final Energy|Residential and Commercial|Solids|Biomass|Tradi"
 741  "Final Energy|Residential and Commercial|Solids|Coal"
 742  "Final Energy|Residential|Electricity"
GAMS 24.5.6  r55090 Released Nov 27, 2015 WEX-WEI x86 64bit/MS Windows                                                                                                                                                                06/04/20 16:56:32 Page 15
G e n e r a l   A l g e b r a i c   M o d e l i n g   S y s t e m
C o m p i l a t i o n


 743  "Final Energy|Residential|Gases"
 744  "Final Energy|Residential|Heat"
 745  "Final Energy|Residential|Liquids"
 746  "Final Energy|Residential|Liquids|Biomass"
 747  "Final Energy|Residential|Liquids|Oil"
 748  "Final Energy|Residential|Solids"
 749  "Final Energy|Residential|Solids|Biomass"
 750  "Final Energy|Residential|Solids|Biomass|Traditional"
 751  "Final Energy|Residential|Solids|Coal"
 752  "Final Energy|Solar"
 753  "Final Energy|Solids"
 754  "Final Energy|Solids|Biomass"
 755  "Final Energy|Solids|Biomass|Traditional"
 756  "Final Energy|Solids|Coal"
 757  "Final Energy|Transportation"
 758  "Final Energy|Transportation|Aviation"
 759  "Final Energy|Transportation|Aviation|Domestic"
 760  "Final Energy|Transportation|Electricity"
 761  "Final Energy|Transportation|Freight"
 762  "Final Energy|Transportation|Freight|Electricity"
 763  "Final Energy|Transportation|Freight|Liquids"
 764  "Final Energy|Transportation|Freight|Liquids|Biomass"
 765  "Final Energy|Transportation|Freight|Liquids|Oil"
 766  "Final Energy|Transportation|Freight|Other"
 767  "Final Energy|Transportation|Gases"
 768  "Final Energy|Transportation|Hydrogen"
 769  "Final Energy|Transportation|Liquids"
 770  "Final Energy|Transportation|Liquids|Biomass"
 771  "Final Energy|Transportation|Liquids|Oil"
 772  "Final Energy|Transportation|Other"
 773  "Final Energy|Transportation|Passenger"
 774  "Final Energy|Transportation|Passenger|Electricity"
 775  "Final Energy|Transportation|Passenger|Liquids"
 776  "Final Energy|Transportation|Passenger|Liquids|Biomass"
 777  "Final Energy|Transportation|Passenger|Liquids|Oil"
 778  "Final Energy|Transportation|Passenger|Other"
 779  "Final Energy|Transportation|Rail"
 780  "Final Energy|Transportation|Road"
 781  "Final Energy|Transportation|Shipping"
 782  "Final Energy|Transportation|Shipping|Domestic"
 783  "Food Demand"
 784  "Food Demand|Crops"
 785  "Food Demand|Livestock"
 786  "Food Energy Supply"
 787  "Food Energy Supply|Crops|Per Capita"
 788  "Food Energy Supply|Livestock"
 789  "Food Energy Supply|Livestock|Per Capita"
 790  "Food Energy Supply|Per Capita"
 791  "Food Waste"
 792  "Food Waste|Consumption"
 793  "Food Waste|Distribution"
 794  "Food Waste|Food process"
 795  "Food Waste|Postharvest handling and storage "
GAMS 24.5.6  r55090 Released Nov 27, 2015 WEX-WEI x86 64bit/MS Windows                                                                                                                                                                06/04/20 16:56:32 Page 16
G e n e r a l   A l g e b r a i c   M o d e l i n g   S y s t e m
C o m p i l a t i o n


 796  "Food Waste|Production"
 797  "Forestry Demand|Roundwood"
 798  "Forestry Demand|Roundwood|Industrial Roundwood"
 799  "Forestry Demand|Roundwood|Wood Fuel"
 800  "Forestry Production|Roundwood"
 801  "Forestry Production|Roundwood|Industrial Roundwood"
 802  "Forestry Production|Roundwood|Wood Fuel"
 803  "Full LCOE|Electricity|Biomass|w/ CCS"
 804  "Full LCOE|Electricity|Biomass|w/o CCS"
 805  "Full LCOE|Electricity|Coal|w/ CCS"
 806  "Full LCOE|Electricity|Coal|w/o CCS"
 807  "Full LCOE|Electricity|Gas|w/ CCS"
 808  "Full LCOE|Electricity|Gas|w/o CCS"
 809  "Full LCOE|Electricity|Nuclear"
 810  "Full LCOE|Electricity|Solar|Average"
 811  "Full LCOE|Electricity|Solar|PV|Average"
 812  "Full LCOE|Electricity|Wind|Average"
 813  "Full LCOE|Electricity|Wind|Onshore|Average"
 814  "GDP per capita"
 815  "GDP|MER"
 816  "GDP|PPP"
 817  "Income Elasticity|Coarse grain"
 818  "Income Elasticity|Oil seed"
 819  "Income Elasticity|Rice"
 820  "Income Elasticity|Wheat"
 821  "Investment|Energy Demand|Efficiency and Decarbonization"
 822  "Investment|Energy Demand|Industry|EF and DC"
 823  "Investment|Energy Demand|Residential and Commercial|EF and DC"
 824  "Investment|Energy Demand|Transportation|EF and DC"
 825  "Investment|Energy Supply"
 826  "Investment|Energy Supply|CO2 Transport and Storage"
 827  "Investment|Energy Supply|Electricity"
 828  "Investment|Energy Supply|Electricity|Biomass"
 829  "Investment|Energy Supply|Electricity|Biomass|w/ CCS"
 830  "Investment|Energy Supply|Electricity|Biomass|w/o CCS"
 831  "Investment|Energy Supply|Electricity|Coal"
 832  "Investment|Energy Supply|Electricity|Coal|w/ CCS"
 833  "Investment|Energy Supply|Electricity|Coal|w/o CCS"
 834  "Investment|Energy Supply|Electricity|Electricity Storage"
 835  "Investment|Energy Supply|Electricity|Fossil"
 836  "Investment|Energy Supply|Electricity|Gas"
 837  "Investment|Energy Supply|Electricity|Gas|w/ CCS"
 838  "Investment|Energy Supply|Electricity|Gas|w/o CCS"
 839  "Investment|Energy Supply|Electricity|Geothermal"
 840  "Investment|Energy Supply|Electricity|Hydro"
 841  "Investment|Energy Supply|Electricity|Non-Biomass Renewables"
 842  "Investment|Energy Supply|Electricity|Non-fossil"
 843  "Investment|Energy Supply|Electricity|Nuclear"
 844  "Investment|Energy Supply|Electricity|Oil"
 845  "Investment|Energy Supply|Electricity|Oil|w/ CCS"
 846  "Investment|Energy Supply|Electricity|Oil|w/o CCS"
 847  "Investment|Energy Supply|Electricity|Solar"
 848  "Investment|Energy Supply|Electricity|Trans and Distri"
GAMS 24.5.6  r55090 Released Nov 27, 2015 WEX-WEI x86 64bit/MS Windows                                                                                                                                                                06/04/20 16:56:32 Page 17
G e n e r a l   A l g e b r a i c   M o d e l i n g   S y s t e m
C o m p i l a t i o n


 849  "Investment|Energy Supply|Electricity|Wind"
 850  "Investment|Energy Supply|Extraction|Bioenergy"
 851  "Investment|Energy Supply|Extraction|Coal"
 852  "Investment|Energy Supply|Extraction|Fossil"
 853  "Investment|Energy Supply|Extraction|Gas"
 854  "Investment|Energy Supply|Extraction|Oil"
 855  "Investment|Energy Supply|Heat"
 856  "Investment|Energy Supply|Liquids"
 857  "Investment|Energy Supply|Liquids|Biomass"
 858  "Investment|Energy Supply|Liquids|Oil"
 859  "Land Cover"
 860  "Land Cover|Built-up Area"
 861  "Land Cover|Cropland"
 862  "Land Cover|Cropland|Cereals"
 863  "Land Cover|Cropland|Coarse grain"
 864  "Land Cover|Cropland|Energy Crops"
 865  "Land Cover|Cropland|Non-Energy Crops"
 866  "Land Cover|Cropland|Oil Seed"
 867  "Land Cover|Cropland|Rice"
 868  "Land Cover|Cropland|Wheat"
 869  "Land Cover|Forest"
 870  "Land Cover|Forest|Forestry"
 871  "Land Cover|Forest|Forestry|Harvested Area"
 872  "Land Cover|Forest|Natural Forest"
 873  "Land Cover|Other Arable Land"
 874  "Land Cover|Other Land"
 875  "Land Cover|Other Natural Land"
 876  "Land Cover|Pasture"
 877  "LCOE|Electricity|Biomass|w/ CCS"
 878  "LCOE|Electricity|Biomass|w/o CCS"
 879  "LCOE|Electricity|Coal|w/ CCS"
 880  "LCOE|Electricity|Coal|w/o CCS"
 881  "LCOE|Electricity|Gas|w/ CCS"
 882  "LCOE|Electricity|Gas|w/o CCS"
 883  "LCOE|Electricity|Nuclear"
 884  "LCOE|Electricity|Solar|Average"
 885  "LCOE|Electricity|Solar|PV|Average"
 886  "LCOE|Electricity|Wind|Average"
 887  "LCOE|Electricity|Wind|Onshore|Average"
 888  "NOx Emission Intensity"
 889  "NOx Emission Intensity|Energy Supply"
 890  "NOx Emission Intensity|GDP"
 891  "OM Cost|Fixed|Electricity|Biomass|w/ CCS"
 892  "OM Cost|Fixed|Electricity|Biomass|w/o CCS"
 893  "OM Cost|Fixed|Electricity|Coal|w/ CCS"
 894  "OM Cost|Fixed|Electricity|Coal|w/o CCS"
 895  "OM Cost|Fixed|Electricity|Gas|w/ CCS"
 896  "OM Cost|Fixed|Electricity|Gas|w/o CCS"
 897  "OM Cost|Fixed|Electricity|Geothermal"
 898  "OM Cost|Fixed|Electricity|Hydro"
 899  "OM Cost|Fixed|Electricity|Nuclear"
 900  "OM Cost|Fixed|Electricity|Solar|PV"
 901  "OM Cost|Fixed|Electricity|Wind"
GAMS 24.5.6  r55090 Released Nov 27, 2015 WEX-WEI x86 64bit/MS Windows                                                                                                                                                                06/04/20 16:56:32 Page 18
G e n e r a l   A l g e b r a i c   M o d e l i n g   S y s t e m
C o m p i l a t i o n


 902  "OM Cost|Fixed|Electricity|Wind|Onshore"
 903  "OM Cost|Fixed|Liquids|Biomass|Cellulosic Nondiesel|w/ CCS"
 904  "OM Cost|Fixed|Liquids|Biomass|Cellulosic Nondiesel|w/o CCS"
 905  "OM Cost|Fixed|Liquids|Biomass|w/ CCS"
 906  "OM Cost|Fixed|Liquids|Biomass|w/o CCS"
 907  "OM Cost|Fixed|Liquids|Oil"
 908  "OM Cost|Variable|Electricity|Coal|w/ CCS"
 909  "OM Cost|Variable|Electricity|Coal|w/o CCS"
 910  "OM Cost|Variable|Electricity|Gas|w/ CCS"
 911  "OM Cost|Variable|Electricity|Gas|w/o CCS"
 912  "OM Cost|Variable|Liquids|Biomass|Cellulosic Nondiesel|w/ CCS"
 913  "OM Cost|Variable|Liquids|Biomass|Cellulosic Nondiesel|w/o CCS"
 914  "OM Cost|Variable|Liquids|Biomass|w/ CCS"
 915  "OM Cost|Variable|Liquids|Biomass|w/o CCS"
 916  "OM Cost|Variable|Liquids|Oil"
 917  "Policy Cost|Consumption Loss"
 918  "Policy Cost|Consumption Loss rate"
 919  "Policy Cost|GDP Loss"
 920  "Policy Cost|GDP Loss rate"
 921  "Population"
 922  "Population|Risk of Hunger"
 923  "Price Elasticity|Coarse grain"
 924  "Price Elasticity|Oil seed"
 925  "Price Elasticity|Rice"
 926  "Price Elasticity|Wheat"
 927  "Price|Agriculture|Corn|Index"
 928  "Price|Agriculture|Non-Energy Crops and Livestock|Index"
 929  "Price|Agriculture|Non-Energy Crops|Index"
 930  "Price|Agriculture|Soybean|Index"
 931  "Price|Agriculture|Wheat|Index"
 932  "Price|Carbon"
 933  "Price|Final Energy|Residential|Electricity"
 934  "Price|Final Energy|Residential|Gases|Natural Gas"
 935  "Price|Final Energy|Residential|Liquids|Biomass"
 936  "Price|Final Energy|Residential|Liquids|Oil"
 937  "Price|Final Energy|Residential|Solids|Coal"
 938  "Price|Primary Energy|Biomass"
 939  "Price|Primary Energy|Biomass|Delivered"
 940  "Price|Primary Energy|Biomass|Farmgate"
 941  "Price|Primary Energy|Coal"
 942  "Price|Primary Energy|Gas"
 943  "Price|Primary Energy|Oil"
 944  "Price|Secondary Energy|Electricity"
 945  "Price|Secondary Energy|Liquids"
 946  "Price|Secondary Energy|Liquids|Biomass"
 947  "Primary Energy"
 948  "Primary Energy|Biomass"
 949  "Primary Energy|Biomass|1st Generation"
 950  "Primary Energy|Biomass|Electricity"
 951  "Primary Energy|Biomass|Electricity|w/ CCS"
 952  "Primary Energy|Biomass|Electricity|w/o CCS"
 953  "Primary Energy|Biomass|Energy Crops"
 954  "Primary Energy|Biomass|Liquids"
GAMS 24.5.6  r55090 Released Nov 27, 2015 WEX-WEI x86 64bit/MS Windows                                                                                                                                                                06/04/20 16:56:32 Page 19
G e n e r a l   A l g e b r a i c   M o d e l i n g   S y s t e m
C o m p i l a t i o n


 955  "Primary Energy|Biomass|Liquids|Biodiesel"
 956  "Primary Energy|Biomass|Liquids|Biodiesel|w/ CCS"
 957  "Primary Energy|Biomass|Liquids|Biodiesel|w/o CCS"
 958  "Primary Energy|Biomass|Liquids|Cellulosic Nondiesel"
 959  "Primary Energy|Biomass|Liquids|Cellulosic Nondiesel|w/ CCS"
 960  "Primary Energy|Biomass|Liquids|Cellulosic Nondiesel|w/o CCS"
 961  "Primary Energy|Biomass|Liquids|Conventional Ethanol"
 962  "Primary Energy|Biomass|Liquids|Conventional Ethanol|w/o CCS"
 963  "Primary Energy|Biomass|Liquids|Non-Cellulosic"
 964  "Primary Energy|Biomass|Liquids|w/ CCS"
 965  "Primary Energy|Biomass|Liquids|w/o CCS"
 966  "Primary Energy|Biomass|Modern"
 967  "Primary Energy|Biomass|Residues"
 968  "Primary Energy|Biomass|Solids"
 969  "Primary Energy|Biomass|Traditional"
 970  "Primary Energy|Biomass|w/ CCS"
 971  "Primary Energy|Biomass|w/o CCS"
 972  "Primary Energy|Coal"
 973  "Primary Energy|Coal|Electricity"
 974  "Primary Energy|Coal|Electricity|w/ CCS"
 975  "Primary Energy|Coal|Electricity|w/o CCS"
 976  "Primary Energy|Coal|w/ CCS"
 977  "Primary Energy|Coal|w/o CCS"
 978  "Primary Energy|Fossil"
 979  "Primary Energy|Fossil|w/ CCS"
 980  "Primary Energy|Fossil|w/o CCS"
 981  "Primary Energy|Gas"
 982  "Primary Energy|Gas|Electricity"
 983  "Primary Energy|Gas|Electricity|w/ CCS"
 984  "Primary Energy|Gas|Electricity|w/o CCS"
 985  "Primary Energy|Gas|w/ CCS"
 986  "Primary Energy|Gas|w/o CCS"
 987  "Primary Energy|Geothermal"
 988  "Primary Energy|Hydro"
 989  "Primary Energy|Non-Biomass Renewables"
 990  "Primary Energy|Nuclear"
 991  "Primary Energy|Oil"
 992  "Primary Energy|Oil|Electricity"
 993  "Primary Energy|Oil|Electricity|w/ CCS"
 994  "Primary Energy|Oil|Electricity|w/o CCS"
 995  "Primary Energy|Oil|w/ CCS"
 996  "Primary Energy|Oil|w/o CCS"
 997  "Primary Energy|Secondary Energy Trade"
 998  "Primary Energy|Solar"
 999  "Primary Energy|Wind"
1000  "Primary industry share"
1001  "Resource|Cumulative Extraction|Coal"
1002  "Resource|Cumulative Extraction|Gas"
1003  "Resource|Cumulative Extraction|Oil"
1004  "Secondary Energy"
1005  "Secondary Energy|Electricity"
1006  "Secondary Energy|Electricity and Heat"
1007  "Secondary Energy|Electricity and Heat|Biomass"
GAMS 24.5.6  r55090 Released Nov 27, 2015 WEX-WEI x86 64bit/MS Windows                                                                                                                                                                06/04/20 16:56:32 Page 20
G e n e r a l   A l g e b r a i c   M o d e l i n g   S y s t e m
C o m p i l a t i o n


1008  "Secondary Energy|Electricity and Heat|Biomass|w/ CCS"
1009  "Secondary Energy|Electricity and Heat|Biomass|w/o CCS"
1010  "Secondary Energy|Electricity and Heat|Coal"
1011  "Secondary Energy|Electricity and Heat|Coal|w/ CCS"
1012  "Secondary Energy|Electricity and Heat|Coal|w/o CCS"
1013  "Secondary Energy|Electricity and Heat|Fossil"
1014  "Secondary Energy|Electricity and Heat|Fossil|w/ CCS"
1015  "Secondary Energy|Electricity and Heat|Fossil|w/o CCS"
1016  "Secondary Energy|Electricity and Heat|Gas"
1017  "Secondary Energy|Electricity and Heat|Gas|w/ CCS"
1018  "Secondary Energy|Electricity and Heat|Gas|w/o CCS"
1019  "Secondary Energy|Electricity and Heat|Geothermal"
1020  "Secondary Energy|Electricity and Heat|Hydro"
1021  "Secondary Energy|Electricity and Heat|Non-Biomass Renewables"
1022  "Secondary Energy|Electricity and Heat|Nuclear"
1023  "Secondary Energy|Electricity and Heat|Oil"
1024  "Secondary Energy|Electricity and Heat|Oil|w/ CCS"
1025  "Secondary Energy|Electricity and Heat|Oil|w/o CCS"
1026  "Secondary Energy|Electricity and Heat|Other"
1027  "Secondary Energy|Electricity and Heat|Solar"
1028  "Secondary Energy|Electricity and Heat|Solar|PV"
1029  "Secondary Energy|Electricity and Heat|Wind"
1030  "Secondary Energy|Electricity and Heat|Wind|Onshore"
1031  "Secondary Energy|Electricity|Biomass"
1032  "Secondary Energy|Electricity|Biomass|w/ CCS"
1033  "Secondary Energy|Electricity|Biomass|w/o CCS"
1034  "Secondary Energy|Electricity|Coal"
1035  "Secondary Energy|Electricity|Coal|w/ CCS"
1036  "Secondary Energy|Electricity|Coal|w/o CCS"
1037  "Secondary Energy|Electricity|Fossil"
1038  "Secondary Energy|Electricity|Fossil|w/ CCS"
1039  "Secondary Energy|Electricity|Fossil|w/o CCS"
1040  "Secondary Energy|Electricity|Gas"
1041  "Secondary Energy|Electricity|Gas|w/ CCS"
1042  "Secondary Energy|Electricity|Gas|w/o CCS"
1043  "Secondary Energy|Electricity|Geothermal"
1044  "Secondary Energy|Electricity|Hydro"
1045  "Secondary Energy|Electricity|Non-Biomass Renewables"
1046  "Secondary Energy|Electricity|Nuclear"
1047  "Secondary Energy|Electricity|Oil"
1048  "Secondary Energy|Electricity|Oil|w/ CCS"
1049  "Secondary Energy|Electricity|Oil|w/o CCS"
1050  "Secondary Energy|Electricity|Other"
1051  "Secondary Energy|Electricity|Solar"
1052  "Secondary Energy|Electricity|Solar|PV"
1053  "Secondary Energy|Electricity|Transmission Losses"
1054  "Secondary Energy|Electricity|Wind"
1055  "Secondary Energy|Electricity|Wind|Onshore"
1056  "Secondary Energy|Gases"
1057  "Secondary Energy|Gases|Natural Gas"
1058  "Secondary Energy|Heat"
1059  "Secondary Energy|Heat|Biomass"
1060  "Secondary Energy|Heat|Coal"
GAMS 24.5.6  r55090 Released Nov 27, 2015 WEX-WEI x86 64bit/MS Windows                                                                                                                                                                06/04/20 16:56:32 Page 21
G e n e r a l   A l g e b r a i c   M o d e l i n g   S y s t e m
C o m p i l a t i o n


1061  "Secondary Energy|Heat|Gas"
1062  "Secondary Energy|Heat|Geothermal"
1063  "Secondary Energy|Heat|Nuclear"
1064  "Secondary Energy|Heat|Oil"
1065  "Secondary Energy|Liquids"
1066  "Secondary Energy|Liquids|Biomass"
1067  "Secondary Energy|Liquids|Biomass|1st Generation"
1068  "Secondary Energy|Liquids|Biomass|Cellulosic Nondiesel|w/ CCS"
1069  "Secondary Energy|Liquids|Biomass|Cellulosic Nondiesel|w/o CCS"
1070  "Secondary Energy|Liquids|Biomass|Conventional Ethanol|w/o CCS"
1071  "Secondary Energy|Liquids|Biomass|Energy Crops"
1072  "Secondary Energy|Liquids|Biomass|Residues"
1073  "Secondary Energy|Liquids|Biomass|w/ CCS"
1074  "Secondary Energy|Liquids|Biomass|w/o CCS"
1075  "Secondary Energy|Liquids|Fossil"
1076  "Secondary Energy|Liquids|Fossil|w/o CCS"
1077  "Secondary Energy|Liquids|Oil"
1078  "Secondary Energy|Solids"
1079  "Secondary Energy|Solids|Biomass"
1080  "Secondary Energy|Solids|Coal"
1081  "Secondary industry share"
1082  "Sulfur Emission Intensity"
1083  "Sulfur Emission Intensity|Energy Supply"
1084  "Sulfur Emission Intensity|GDP"
1085  "Tertiary industry share"
1086  "Total capital formation share"
1087  "Total export share"
1088  "Total household share"
1089  "Total import share"
1090  "Trade Dependency|Coal"
1091  "Trade Dependency|Coarse grain"
1092  "Trade Dependency|Gas"
1093  "Trade Dependency|Oil"
1094  "Trade Dependency|Rice"
1095  "Trade Dependency|Wheat"
1096  "Trade|Primary Energy|Biomass|Volume"
1097  "Trade|Primary Energy|Coal|Volume"
1098  "Trade|Primary Energy|Gas|Volume"
1099  "Trade|Primary Energy|Oil|Volume"
1100  "Trade|Secondary Energy|Electricity|Volume"
1101  "Trade|Secondary Energy|Liquids|Biomass|Volume"
1102  "Trade|Secondary Energy|Liquids|Oil|Volume"
1103  "Unemployment|Rate"
1104  "Value Added|Agriculture"
1105  "Value added|chemical ind"
1106  "Value added|Iron Steel"
1107  "Value added|non metallic minerals"
1108  "Value added|non-ferrous metals"
1109  "Value added|other ind"
1110  "Value added|pulp and paper"
1111  "Value added|Service sector"
1112  "Water Biophysical Consumption for Agriculture"
1113  "Water Consumption"
GAMS 24.5.6  r55090 Released Nov 27, 2015 WEX-WEI x86 64bit/MS Windows                                                                                                                                                                06/04/20 16:56:32 Page 22
G e n e r a l   A l g e b r a i c   M o d e l i n g   S y s t e m
C o m p i l a t i o n


1114  "Water Consumption|Electricity"
1115  "Water Consumption|Electricity|Biomass"
1116  "Water Consumption|Electricity|Biomass|w/ CCS"
1117  "Water Consumption|Electricity|Biomass|w/o CCS"
1118  "Water Consumption|Electricity|Coal"
1119  "Water Consumption|Electricity|Coal|w/ CCS"
1120  "Water Consumption|Electricity|Coal|w/o CCS"
1121  "Water Consumption|Electricity|Fossil"
1122  "Water Consumption|Electricity|Fossil|w/ CCS"
1123  "Water Consumption|Electricity|Fossil|w/o CCS"
1124  "Water Consumption|Electricity|Gas"
1125  "Water Consumption|Electricity|Gas|w/ CCS"
1126  "Water Consumption|Electricity|Gas|w/o CCS"
1127  "Water Consumption|Electricity|Geothermal"
1128  "Water Consumption|Electricity|Hydro"
1129  "Water Consumption|Electricity|Non-Biomass Renewables"
1130  "Water Consumption|Electricity|Nuclear"
1131  "Water Consumption|Electricity|Oil"
1132  "Water Consumption|Electricity|Oil|w/ CCS"
1133  "Water Consumption|Electricity|Oil|w/o CCS"
1134  "Water Consumption|Electricity|Wind"
1135  "Water Consumption|Industrial Water"
1136  "Water Consumption|Irrigation"
1137  "Water Consumption|Municipal Water"
1138  "Water Withdrawal"
1139  "Water Withdrawal|Electricity"
1140  "Water Withdrawal|Electricity|Biomass"
1141  "Water Withdrawal|Electricity|Biomass|w/ CCS"
1142  "Water Withdrawal|Electricity|Biomass|w/o CCS"
1143  "Water Withdrawal|Electricity|Coal"
1144  "Water Withdrawal|Electricity|Coal|w/ CCS"
1145  "Water Withdrawal|Electricity|Coal|w/o CCS"
1146  "Water Withdrawal|Electricity|Fossil"
1147  "Water Withdrawal|Electricity|Fossil|w/ CCS"
1148  "Water Withdrawal|Electricity|Fossil|w/o CCS"
1149  "Water Withdrawal|Electricity|Gas"
1150  "Water Withdrawal|Electricity|Gas|w/ CCS"
1151  "Water Withdrawal|Electricity|Gas|w/o CCS"
1152  "Water Withdrawal|Electricity|Geothermal"
1153  "Water Withdrawal|Electricity|Hydro"
1154  "Water Withdrawal|Electricity|Non-Biomass Renewables"
1155  "Water Withdrawal|Electricity|Nuclear"
1156  "Water Withdrawal|Electricity|Oil"
1157  "Water Withdrawal|Electricity|Oil|w/ CCS"
1158  "Water Withdrawal|Electricity|Oil|w/o CCS"
1159  "Water Withdrawal|Electricity|Wind"
1160  "Water Withdrawal|Industrial Water"
1161  "Water Withdrawal|Irrigation"
1162  "Water Withdrawal|Municipal Water"
1163  "Yield|Cereal"
1164  "Yield|Oilcrops"
1165  "Yield|Sugarcrops"
1166  /
GAMS 24.5.6  r55090 Released Nov 27, 2015 WEX-WEI x86 64bit/MS Windows                                                                                                                                                                06/04/20 16:56:32 Page 23
G e n e r a l   A l g e b r a i c   M o d e l i n g   S y s t e m
C o m p i l a t i o n


1167  UNIT
1168  YEAR
1169  VAR_LossRate(VARIABLE2)/
1170  "Policy Cost|GDP Loss rate"
1171  "Policy Cost|Consumption Loss rate"
1172  /
1173  ;
1174   
1175  PARAMETER
1176  ALLDATA(MODELN,SCENARIO,REGION,VARIABLE2,UNIT,YEAR,*)    All Data
1177  BAUDATA(MODELN,REGION,VARIABLE2,UNIT,YEAR,*)             All BAU Data
1178  vsBAU(MODELN,SCENARIO,REGION,VARIABLE2,UNIT,YEAR)        Change rate from BAU
1179  ;
1180   
GDXIN   C:\Users\ochie\Documents\AsianMCSAnalysis\prog\../output/ALLDATA.gdx
--- LOAD  MODELN = 1:MODELN
--- LOAD  REGION = 3:REGION
--- LOAD  SCENARIO = 2:SCENARIO
--- LOAD  UNIT = 5:UNIT
--- LOAD  YEAR = 6:YEAR
--- LOAD  ALLDATA = 8:ALLDATA
GDXIN   C:\Users\ochie\Documents\AsianMCSAnalysis\prog\../output/ALL_BAU.gdx
--- LOAD  BAUDATA = 7:BAUDATA
1185   
1186  vsBAU(MODELN,SCENARIO,REGION,VARIABLE2,UNIT,YEAR)$(ALLDATA(MODELN,SCENARIO,REGION,VARIABLE2,UNIT,YEAR,"Value") AND BAUDATA(MODELN,REGION,VARIABLE2,UNIT,YEAR,"Value"))
1187           =(ALLDATA(MODELN,SCENARIO,REGION,VARIABLE2,UNIT,YEAR,"Value")/BAUDATA(MODELN,REGION,VARIABLE2,UNIT,YEAR,"Value")-1)*100;
1188  vsBAU(MODELN,SCENARIO,REGION,VAR_LossRate,UNIT,YEAR)$ALLDATA(MODELN,SCENARIO,REGION,VAR_LossRate,UNIT,YEAR,"Value")
1189           =ALLDATA(MODELN,SCENARIO,REGION,VAR_LossRate,UNIT,YEAR,"Value");
1190   
1191  execute_unload '../output/vsBAU.gdx' vsBAU
1192  vsBAU
GAMS 24.5.6  r55090 Released Nov 27, 2015 WEX-WEI x86 64bit/MS Windows                                                                                                                                                                06/04/20 16:56:32 Page 24
G e n e r a l   A l g e b r a i c   M o d e l i n g   S y s t e m
Include File Summary


   SEQ   GLOBAL TYPE      PARENT   LOCAL  FILENAME

     1        1 INPUT          0       0  C:\Users\ochie\Documents\AsianMCSAnalysis\prog\vsBAU.gms
     2        6 INCLUDE        1       6  .C:\Users\ochie\Documents\AsianMCSAnalysis\prog\../define/allvariables2.txt
     3     1181 GDXIN          1      22  C:\Users\ochie\Documents\AsianMCSAnalysis\prog\../output/ALLDATA.gdx
     4     1183 GDXIN          1      24  C:\Users\ochie\Documents\AsianMCSAnalysis\prog\../output/ALL_BAU.gdx


COMPILATION TIME     =        0.282 SECONDS     67 MB  24.5.6 r55090 WEX-WEI
GAMS 24.5.6  r55090 Released Nov 27, 2015 WEX-WEI x86 64bit/MS Windows                                                                                                                                                                06/04/20 16:56:32 Page 25
G e n e r a l   A l g e b r a i c   M o d e l i n g   S y s t e m
E x e c u t i o n


EXECUTION TIME       =        0.328 SECONDS     93 MB  24.5.6 r55090 WEX-WEI


USER: Urban and Environment Engineering              G141201:0503AO-WIN
      Kyoto University                                           DC1681
      License for teaching and research at degree granting institutions


**** FILE SUMMARY

Input      C:\Users\ochie\Documents\AsianMCSAnalysis\prog\vsBAU.gms
Output     C:\Users\ochie\Documents\AsianMCSAnalysis\prog\vsBAU.lst
